.\venv\Scripts\python
.exe : Creating test 
database for alias 
'default'...
At line:1 char:1
+ .\venv\Scripts\pyth
on.exe manage.py 
test communication > 
test_log.txt ...
+ ~~~~~~~~~~~~~~~~~~~
~~~~~~~~~~~~~~~~~~~~~
~~~~~~~~~~~~~~~~~~~~~
~~~~~~~~
    + CategoryInfo   
           : NotSpe  
  cified: (Creatin   
 g test d...as 'd    
efault'...:Strin    
g) [], RemoteExc    
eption
    + FullyQualified 
   ErrorId : Native  
  CommandError
 

EEEEE
=====================
=====================
=====================
=======
ERROR: test_meeting_c
reation_teacher (comm
unication.tests.Commu
nicationTests.test_me
eting_creation_teache
r)
---------------------
---------------------
---------------------
-------
Traceback (most 
recent call last):
  File "D:\Projects 
for clients\LearnSphe
re\communication\test
s.py", line 14, in 
setUp
    self.class_obj = 
Class.objects.create(
name='10-A', 
year=2024)
                     
~~~~~~~~~~~~~~~~~~~~^
^^^^^^^^^^^^^^^^^^^^^
^^
  File "D:\Projects 
for clients\LearnSphe
re\venv\Lib\site-pack
ages\django\db\models
\manager.py", line 
87, in manager_method
    return getattr(se
lf.get_queryset(), 
name)(*args, 
**kwargs)
           ~~~~~~~~~~
~~~~~~~~~~~~~~~~~~~~~
~~~^^^^^^^^^^^^^^^^^
  File "D:\Projects 
for clients\LearnSphe
re\venv\Lib\site-pack
ages\django\db\models
\query.py", line 
667, in create
    obj = 
self.model(**kwargs)
  File "D:\Projects 
for clients\LearnSphe
re\venv\Lib\site-pack
ages\django\db\models
\base.py", line 590, 
in __init__
    raise TypeError(
    ...<2 lines>...
    )
TypeError: Class() 
got unexpected 
keyword arguments: 
'year'

=====================
=====================
=====================
=======
ERROR: test_meeting_v
isibility_parent (com
munication.tests.Comm
unicationTests.test_m
eeting_visibility_par
ent)
---------------------
---------------------
---------------------
-------
Traceback (most 
recent call last):
  File "D:\Projects 
for clients\LearnSphe
re\communication\test
s.py", line 14, in 
setUp
    self.class_obj = 
Class.objects.create(
name='10-A', 
year=2024)
                     
~~~~~~~~~~~~~~~~~~~~^
^^^^^^^^^^^^^^^^^^^^^
^^
  File "D:\Projects 
for clients\LearnSphe
re\venv\Lib\site-pack
ages\django\db\models
\manager.py", line 
87, in manager_method
    return getattr(se
lf.get_queryset(), 
name)(*args, 
**kwargs)
           ~~~~~~~~~~
~~~~~~~~~~~~~~~~~~~~~
~~~^^^^^^^^^^^^^^^^^
  File "D:\Projects 
for clients\LearnSphe
re\venv\Lib\site-pack
ages\django\db\models
\query.py", line 
667, in create
    obj = 
self.model(**kwargs)
  File "D:\Projects 
for clients\LearnSphe
re\venv\Lib\site-pack
ages\django\db\models
\base.py", line 590, 
in __init__
    raise TypeError(
    ...<2 lines>...
    )
TypeError: Class() 
got unexpected 
keyword arguments: 
'year'

=====================
=====================
=====================
=======
ERROR: test_meeting_v
isibility_student (co
mmunication.tests.Com
municationTests.test_
meeting_visibility_st
udent)
---------------------
---------------------
---------------------
-------
Traceback (most 
recent call last):
  File "D:\Projects 
for clients\LearnSphe
re\communication\test
s.py", line 14, in 
setUp
    self.class_obj = 
Class.objects.create(
name='10-A', 
year=2024)
                     
~~~~~~~~~~~~~~~~~~~~^
^^^^^^^^^^^^^^^^^^^^^
^^
  File "D:\Projects 
for clients\LearnSphe
re\venv\Lib\site-pack
ages\django\db\models
\manager.py", line 
87, in manager_method
    return getattr(se
lf.get_queryset(), 
name)(*args, 
**kwargs)
           ~~~~~~~~~~
~~~~~~~~~~~~~~~~~~~~~
~~~^^^^^^^^^^^^^^^^^
  File "D:\Projects 
for clients\LearnSphe
re\venv\Lib\site-pack
ages\django\db\models
\query.py", line 
667, in create
    obj = 
self.model(**kwargs)
  File "D:\Projects 
for clients\LearnSphe
re\venv\Lib\site-pack
ages\django\db\models
\base.py", line 590, 
in __init__
    raise TypeError(
    ...<2 lines>...
    )
TypeError: Class() 
got unexpected 
keyword arguments: 
'year'

=====================
=====================
=====================
=======
ERROR: 
test_send_message (co
mmunication.tests.Com
municationTests.test_
send_message)
---------------------
---------------------
---------------------
-------
Traceback (most 
recent call last):
  File "D:\Projects 
for clients\LearnSphe
re\communication\test
s.py", line 14, in 
setUp
    self.class_obj = 
Class.objects.create(
name='10-A', 
year=2024)
                     
~~~~~~~~~~~~~~~~~~~~^
^^^^^^^^^^^^^^^^^^^^^
^^
  File "D:\Projects 
for clients\LearnSphe
re\venv\Lib\site-pack
ages\django\db\models
\manager.py", line 
87, in manager_method
    return getattr(se
lf.get_queryset(), 
name)(*args, 
**kwargs)
           ~~~~~~~~~~
~~~~~~~~~~~~~~~~~~~~~
~~~^^^^^^^^^^^^^^^^^
  File "D:\Projects 
for clients\LearnSphe
re\venv\Lib\site-pack
ages\django\db\models
\query.py", line 
667, in create
    obj = 
self.model(**kwargs)
  File "D:\Projects 
for clients\LearnSphe
re\venv\Lib\site-pack
ages\django\db\models
\base.py", line 590, 
in __init__
    raise TypeError(
    ...<2 lines>...
    )
TypeError: Class() 
got unexpected 
keyword arguments: 
'year'

=====================
=====================
=====================
=======
ERROR: test_start_cha
t_creates_conversatio
n (communication.test
s.CommunicationTests.
test_start_chat_creat
es_conversation)
---------------------
---------------------
---------------------
-------
Traceback (most 
recent call last):
  File "D:\Projects 
for clients\LearnSphe
re\communication\test
s.py", line 14, in 
setUp
    self.class_obj = 
Class.objects.create(
name='10-A', 
year=2024)
                     
~~~~~~~~~~~~~~~~~~~~^
^^^^^^^^^^^^^^^^^^^^^
^^
  File "D:\Projects 
for clients\LearnSphe
re\venv\Lib\site-pack
ages\django\db\models
\manager.py", line 
87, in manager_method
    return getattr(se
lf.get_queryset(), 
name)(*args, 
**kwargs)
           ~~~~~~~~~~
~~~~~~~~~~~~~~~~~~~~~
~~~^^^^^^^^^^^^^^^^^
  File "D:\Projects 
for clients\LearnSphe
re\venv\Lib\site-pack
ages\django\db\models
\query.py", line 
667, in create
    obj = 
self.model(**kwargs)
  File "D:\Projects 
for clients\LearnSphe
re\venv\Lib\site-pack
ages\django\db\models
\base.py", line 590, 
in __init__
    raise TypeError(
    ...<2 lines>...
    )
TypeError: Class() 
got unexpected 
keyword arguments: 
'year'

---------------------
---------------------
---------------------
-------
Ran 5 tests in 
15.494s

FAILED (errors=5)
Destroying test 
database for alias 
'default'...

Found 5 test(s).
System check identified no issues (0 silenced).
